This is pdfTeX, Version 3.141592653-2.6-1.40.25 (TeX Live 2023) (preloaded format=pdflatex 2023.4.26)  21 OCT 2025 15:54
entering extended mode
 restricted \write18 enabled.
 file:line:error style messages enabled.
 %&-line parsing enabled.
**bless-lemmas-distribute-ts.tex
(./bless-lemmas-distribute-ts.tex
LaTeX2e <2022-11-01> patch level 1
L3 programming layer <2023-02-22>

./bless-lemmas-distribute-ts.tex:2: LaTeX Error: Environment restatable undefin
ed.

See the LaTeX manual or LaTeX Companion for explanation.
Type  H <return>  for immediate help.
 ...                                              
                                                  
l.2 \begin{restatable}
                      {lemma}{bltsan2i}~\blTitle{bl.tsan2i}~ Distribute $~\s...

? 
./bless-lemmas-distribute-ts.tex:2: Emergency stop.
 ...                                              
                                                  
l.2 \begin{restatable}
                      {lemma}{bltsan2i}~\blTitle{bl.tsan2i}~ Distribute $~\s...

Your command was ignored.
Type  I <command> <return>  to replace it with another command,
or  <return>  to continue without it.

 
Here is how much of TeX's memory you used:
 17 strings out of 476025
 600 string characters out of 5790017
 1849388 words of memory out of 5000000
 20569 multiletter control sequences out of 15000+600000
 512287 words of font info for 32 fonts, out of 8000000 for 9000
 1141 hyphenation exceptions out of 8191
 13i,0n,12p,160b,16s stack positions out of 10000i,1000n,20000p,200000b,200000s
./bless-lemmas-distribute-ts.tex:2:  ==> Fatal error occurred, no output PDF fi
le produced!
