\BOOKMARK [0][-]{chapter.0}{\376\377\000M\000e\000t\000a\000p\000h\000y\000s\000i\000c\000s}{}% 1
\BOOKMARK [1][-]{section.0.1}{\376\377\000E\000n\000g\000i\000n\000e\000e\000r\000i\000n\000g\000\040\000T\000r\000u\000t\000h}{chapter.0}% 2
\BOOKMARK [1][-]{section.0.2}{\376\377\000F\000o\000r\000m\000a\000l\000i\000t\000y}{chapter.0}% 3
\BOOKMARK [2][-]{subsection.0.2.1}{\376\377\000M\000e\000t\000a\000m\000a\000t\000h}{section.0.2}% 4
\BOOKMARK [2][-]{subsection.0.2.2}{\376\377\000L\000e\000a\000n}{section.0.2}% 5
\BOOKMARK [1][-]{section.0.3}{\376\377\000O\000n\000t\000o\000l\000o\000g\000y}{chapter.0}% 6
\BOOKMARK [1][-]{section.0.4}{\376\377\000M\000o\000d\000a\000l\000i\000t\000y}{chapter.0}% 7
\BOOKMARK [1][-]{section.0.5}{\376\377\000P\000h\000y\000s\000i\000c\000a\000l\000\040\000a\000n\000d\000\040\000V\000i\000r\000t\000u\000a\000l}{chapter.0}% 8
\BOOKMARK [1][-]{section.0.6}{\376\377\000S\000p\000a\000c\000e\000t\000i\000m\000e}{chapter.0}% 9
\BOOKMARK [2][-]{subsection.0.6.1}{\376\377\000F\000r\000a\000m\000e\000s\000-\000o\000f\000-\000R\000e\000f\000e\000r\000e\000n\000c\000e}{section.0.6}% 10
\BOOKMARK [2][-]{subsection.0.6.2}{\376\377\000T\000i\000m\000e}{section.0.6}% 11
\BOOKMARK [1][-]{section.0.7}{\376\377\000M\000e\000r\000e\000o\000l\000o\000g\000y}{chapter.0}% 12
\BOOKMARK [1][-]{section.0.8}{\376\377\000L\000o\000c\000a\000t\000i\000o\000n\000\040\000a\000n\000d\000\040\000M\000e\000r\000e\000o\000l\000o\000g\000y}{chapter.0}% 13
\BOOKMARK [2][-]{subsection.0.8.1}{\376\377\000S\000u\000r\000f\000a\000c\000e\000\040\000a\000n\000d\000\040\000I\000n\000t\000e\000r\000i\000o\000r}{section.0.8}% 14
\BOOKMARK [2][-]{subsection.0.8.2}{\376\377\000R\000e\000g\000i\000o\000n\000\040\000C\000o\000n\000n\000e\000c\000t\000i\000o\000n}{section.0.8}% 15
\BOOKMARK [1][-]{section.0.9}{\376\377\000P\000e\000r\000d\000u\000r\000a\000n\000c\000e\000\040\000v\000s\000.\000\040\000E\000n\000d\000u\000r\000a\000n\000c\000e}{chapter.0}% 16
\BOOKMARK [1][-]{section.0.10}{\376\377\000S\000e\000t\000s}{chapter.0}% 17
\BOOKMARK [1][-]{section.0.11}{\376\377\000P\000a\000r\000t\000i\000c\000u\000l\000a\000r\000i\000t\000y}{chapter.0}% 18
\BOOKMARK [1][-]{section.0.12}{\376\377\000E\000v\000e\000n\000t\000s\000\040\000a\000n\000d\000\040\000S\000t\000a\000t\000e\000s}{chapter.0}% 19
\BOOKMARK [1][-]{section.0.13}{\376\377\000C\000a\000u\000s\000a\000t\000i\000o\000n}{chapter.0}% 20
\BOOKMARK [2][-]{subsection.0.13.1}{\376\377\000C\000a\000s\000u\000a\000l\000\040\000M\000o\000d\000e\000l\000s}{section.0.13}% 21
\BOOKMARK [2][-]{subsection.0.13.2}{\376\377\000O\000t\000h\000e\000r\000\040\000T\000e\000r\000m\000s}{section.0.13}% 22
\BOOKMARK [1][-]{section.0.14}{\376\377\000`\000`\000M\000'\000'\000\040\000L\000e\000v\000e\000l\000s}{chapter.0}% 23
\BOOKMARK [1][-]{section.0.15}{\376\377\000R\000e\000a\000s\000o\000n\000i\000n\000g\000\040\000A\000b\000o\000u\000t\000\040\000T\000i\000m\000e}{chapter.0}% 24
\BOOKMARK [-1][-]{part.1}{\376\377\000I\000\040\000K\000e\000r\000M\000L\000\040\000S\000e\000m\000a\000n\000t\000i\000c\000s}{}% 25
\BOOKMARK [0][-]{chapter.1}{\376\377\000K\000e\000r\000M\000L\000\040\000S\000e\000m\000a\000n\000t\000i\000c\000s\000\040\000O\000v\000e\000r\000v\000i\000e\000w}{part.1}% 26
\BOOKMARK [1][-]{section.1.1}{\376\377\000S\000e\000m\000a\000n\000t\000i\000c\000s\000\040\000\050\000K\000e\000r\000M\000L\000\040\0008\000.\0004\000\051}{chapter.1}% 27
\BOOKMARK [1][-]{section.1.2}{\376\377\000S\000e\000m\000a\000n\000t\000i\000c\000s\000\040\000O\000v\000e\000r\000v\000i\000e\000w\000\040\000\050\000K\000e\000r\000M\000L\000\040\0008\000.\0004\000.\0001\000\051}{chapter.1}% 28
\BOOKMARK [1][-]{section.1.3}{\376\377\000S\000e\000m\000a\000n\000t\000i\000c\000\040\000C\000o\000n\000s\000t\000r\000a\000i\000n\000t\000s\000\040\000\050\000K\000e\000r\000M\000L\000\040\0008\000.\0004\000.\0002\000\051}{chapter.1}% 29
\BOOKMARK [0][-]{chapter.2}{\376\377\000C\000o\000r\000e\000\040\000S\000e\000m\000a\000n\000t\000i\000c\000s}{part.1}% 30
\BOOKMARK [1][-]{section.2.1}{\376\377\000C\000o\000r\000e\000\040\000S\000e\000m\000a\000n\000t\000i\000c\000s\000\040\000M\000a\000t\000h\000e\000m\000a\000t\000i\000c\000a\000l\000\040\000P\000r\000e\000l\000i\000m\000i\000n\000a\000r\000i\000e\000s\000\040\000\050\000K\000e\000r\000M\000L\000\040\0008\000.\0004\000.\0003\000.\0001\000.\0002\000\051}{chapter.2}% 31
\BOOKMARK [2][-]{subsection.2.1.1}{\376\377\000Z\000F\000C\000\040\000S\000e\000t\000s\000,\000\040\000C\000l\000a\000s\000s\000e\000s\000,\000\040\000a\000n\000d\000\040\000W\000e\000l\000l\000-\000F\000o\000r\000m\000e\000d\000\040\000F\000o\000r\000m\000u\000l\000a\000s}{section.2.1}% 32
\BOOKMARK [2][-]{subsection.2.1.2}{\376\377\000U\000n\000i\000v\000e\000r\000s\000e\000:\000\040\000V}{section.2.1}% 33
\BOOKMARK [2][-]{subsection.2.1.3}{\376\377\000R\000e\000p\000r\000e\000s\000e\000n\000t\000a\000t\000i\000o\000n\000\040\000o\000f\000\040\000E\000l\000e\000m\000e\000n\000t\000s\000\040\000a\000s\000\040\000T\000r\000i\000p\000l\000e\000s\000:}{section.2.1}% 34
\BOOKMARK [2][-]{subsection.2.1.4}{\376\377\000C\000l\000a\000s\000s\000\040\000I\000d\000e\000n\000t\000i\000f\000i\000e\000r\000\040\000\050\000C\000I\000\051\000:}{section.2.1}% 35
\BOOKMARK [2][-]{subsection.2.1.5}{\376\377\000U\000n\000i\000q\000u\000e\000\040\000I\000d\000e\000n\000t\000i\000f\000i\000e\000r\000\040\000\050\000U\000I\000\051\000:}{section.2.1}% 36
\BOOKMARK [2][-]{subsection.2.1.6}{\376\377\000T\000y\000p\000e\000s\000,\000\040\000C\000l\000a\000s\000s\000i\000f\000i\000e\000r\000s\000,\000\040\000a\000n\000d\000\040\000F\000e\000a\000t\000u\000r\000e\000s}{section.2.1}% 37
\BOOKMARK [2][-]{subsection.2.1.7}{\376\377\000D\000e\000s\000i\000g\000n}{section.2.1}% 38
\BOOKMARK [1][-]{section.2.2}{\376\377\000T\000y\000p\000e}{chapter.2}% 39
\BOOKMARK [2][-]{subsection.2.2.1}{\376\377\000T\000y\000p\000e\000\040\000O\000p\000e\000r\000a\000t\000o\000r\000s}{section.2.2}% 40
\BOOKMARK [2][-]{subsection.2.2.2}{\376\377\000T\000y\000p\000e\000\040\000O\000p\000e\000r\000a\000t\000o\000r\000\040\000C\000o\000m\000p\000o\000s\000i\000t\000i\000o\000n}{section.2.2}% 41
\BOOKMARK [2][-]{subsection.2.2.3}{\376\377\000T\000y\000p\000e\000\040\000M\000u\000l\000t\000i\000p\000l\000i\000c\000i\000t\000y}{section.2.2}% 42
\BOOKMARK [1][-]{section.2.3}{\376\377\000F\000e\000a\000t\000u\000r\000e\000s\000\040\000S\000e\000m\000a\000n\000t\000i\000c\000s\000\040\000\050\000K\000e\000r\000M\000L\000\040\0008\000.\0004\000.\0003\000.\0004\000\051}{chapter.2}% 43
\BOOKMARK [2][-]{subsection.2.3.1}{\376\377\000F\000e\000a\000t\000u\000r\000e\000d\000\040\000B\000y}{section.2.3}% 44
\BOOKMARK [2][-]{subsection.2.3.2}{\376\377\000D\000o\000m\000a\000i\000n\000-\000l\000e\000s\000s\000\040\000F\000e\000a\000t\000u\000r\000e}{section.2.3}% 45
\BOOKMARK [1][-]{section.2.4}{\376\377\000T\000y\000p\000e\000s\000\040\000w\000i\000t\000h\000\040\000F\000e\000a\000t\000u\000r\000e\000s\000\040\000\050\000K\000e\000r\000M\000L\000\040\0008\000.\0004\000.\0003\000.\0005\000\051}{chapter.2}% 46
\BOOKMARK [2][-]{subsection.2.4.1}{\376\377\000F\000e\000a\000t\000u\000r\000e\000\040\000M\000e\000m\000b\000e\000r\000:}{section.2.4}% 47
\BOOKMARK [2][-]{subsection.2.4.2}{\376\377\000F\000e\000a\000t\000u\000r\000e\000\040\000w\000i\000t\000h\000\040\000F\000e\000a\000t\000u\000r\000e}{section.2.4}% 48
\BOOKMARK [2][-]{subsection.2.4.3}{\376\377\000F\000i\000x\000e\000d\000\040\000F\000e\000a\000t\000u\000r\000e\000\040\000M\000u\000l\000t\000i\000p\000l\000i\000c\000i\000t\000y}{section.2.4}% 49
\BOOKMARK [2][-]{subsection.2.4.4}{\376\377\000U\000n\000b\000o\000u\000n\000d\000\040\000F\000e\000a\000t\000u\000r\000e\000\040\000M\000u\000l\000t\000i\000p\000l\000i\000c\000i\000t\000y}{section.2.4}% 50
\BOOKMARK [2][-]{subsection.2.4.5}{\376\377\000F\000e\000a\000t\000u\000r\000e\000\040\000M\000u\000l\000t\000i\000p\000l\000i\000c\000i\000t\000y\000\040\000R\000a\000n\000g\000e}{section.2.4}% 51
\BOOKMARK [2][-]{subsection.2.4.6}{\376\377\000T\000y\000p\000e\000\040\000M\000e\000m\000b\000e\000r\000s\000h\000i\000p\000\040\000F\000e\000a\000t\000u\000r\000e}{section.2.4}% 52
\BOOKMARK [2][-]{subsection.2.4.7}{\376\377\000M\000u\000l\000t\000i\000p\000l\000e\000\040\000T\000y\000p\000e\000\040\000B\000o\000d\000y\000\040\000E\000l\000e\000m\000e\000n\000t\000s}{section.2.4}% 53
\BOOKMARK [2][-]{subsection.2.4.8}{\376\377\000F\000e\000a\000t\000u\000r\000e\000\040\000D\000i\000r\000e\000c\000t\000i\000o\000n\000\040\000a\000n\000d\000\040\000C\000o\000n\000j\000u\000g\000a\000t\000i\000o\000n}{section.2.4}% 54
\BOOKMARK [2][-]{subsection.2.4.9}{\376\377\000T\000y\000p\000e\000\040\000S\000p\000e\000c\000i\000a\000l\000i\000z\000a\000t\000i\000o\000n\000\040\000w\000i\000t\000h\000\040\000F\000e\000a\000t\000u\000r\000e\000s}{section.2.4}% 55
\BOOKMARK [2][-]{subsection.2.4.10}{\376\377\000F\000e\000a\000t\000u\000r\000e\000\040\000I\000n\000v\000e\000r\000t\000i\000n\000g}{section.2.4}% 56
\BOOKMARK [2][-]{subsection.2.4.11}{\376\377\000O\000w\000n\000e\000d\000\040\000F\000e\000a\000t\000u\000r\000e\000\040\000I\000n\000v\000e\000r\000t\000i\000n\000g}{section.2.4}% 57
\BOOKMARK [2][-]{subsection.2.4.12}{\376\377\000F\000e\000a\000t\000u\000r\000e\000\040\000o\000f\000\040\000F\000e\000a\000t\000u\000r\000e}{section.2.4}% 58
\BOOKMARK [2][-]{subsection.2.4.13}{\376\377\000F\000e\000a\000t\000u\000r\000e\000\040\000C\000h\000a\000i\000n\000i\000n\000g}{section.2.4}% 59
\BOOKMARK [1][-]{section.2.5}{\376\377\000C\000l\000a\000s\000s\000i\000f\000i\000e\000r\000s\000\040\000S\000e\000m\000a\000n\000t\000i\000c\000s\000\040\000\050\000K\000e\000r\000M\000L\000\040\0008\000.\0004\000.\0003\000.\0003\000\051}{chapter.2}% 60
\BOOKMARK [0][-]{chapter.3}{\376\377\000K\000e\000r\000n\000e\000l\000\040\000S\000e\000m\000a\000n\000t\000i\000c\000s}{part.1}% 61
\BOOKMARK [1][-]{section.3.1}{\376\377\000K\000e\000r\000n\000e\000l\000\040\000S\000e\000m\000a\000n\000t\000i\000c\000s\000\040\000O\000v\000e\000r\000v\000i\000e\000w\000\040\000\050\000K\000e\000r\000M\000L\000\040\0008\000.\0004\000.\0004\000.\0001\000\051}{chapter.3}% 62
\BOOKMARK [2][-]{subsection.3.1.1}{\376\377\000D\000o\000m\000a\000i\000n\000\040\000\040\000L\000o\000g\000i\000c}{section.3.1}% 63
\BOOKMARK [2][-]{subsection.3.1.2}{\376\377\000I\000n\000s\000t\000a\000n\000t\000\040\000a\000n\000d\000\040\000I\000n\000t\000e\000r\000v\000a\000l}{section.3.1}% 64
\BOOKMARK [2][-]{subsection.3.1.3}{\376\377\000A\000l\000l\000e\000n\000'\000s\000\040\000I\000n\000t\000e\000r\000v\000a\000l\000s}{section.3.1}% 65
\BOOKMARK [2][-]{subsection.3.1.4}{\376\377\000V\000a\000r\000i\000a\000b\000l\000e\000\040\000F\000e\000a\000t\000u\000r\000e\000s}{section.3.1}% 66
\BOOKMARK [2][-]{subsection.3.1.5}{\376\377\000C\000h\000a\000n\000g\000e\000d}{section.3.1}% 67
\BOOKMARK [2][-]{subsection.3.1.6}{\376\377\000T\000i\000m\000e\000\040\000O\000f}{section.3.1}% 68
\BOOKMARK [2][-]{subsection.3.1.7}{\376\377\000C\000o\000m\000p\000o\000s\000i\000t\000e\000\040\000a\000n\000d\000\040\000P\000o\000r\000t\000i\000o\000n\000\040\000F\000e\000a\000t\000u\000r\000e\000s\000:}{section.3.1}% 69
\BOOKMARK [2][-]{subsection.3.1.8}{\376\377\000I\000n\000f\000i\000n\000i\000t\000e\000s\000i\000m\000a\000l\000\040\000D\000u\000r\000a\000t\000i\000o\000n\000\040\000:}{section.3.1}% 70
\BOOKMARK [1][-]{section.3.2}{\376\377\000D\000a\000t\000a\000\040\000T\000y\000p\000e\000\040\000S\000e\000m\000a\000n\000t\000i\000c\000s\000\040\000\050\000K\000e\000r\000M\000L\000\040\0008\000.\0004\000.\0004\000.\0002\000\051}{chapter.3}% 71
\BOOKMARK [2][-]{subsection.3.2.1}{\376\377\000S\000c\000a\000l\000a\000r\000\040\000V\000a\000l\000u\000e\000s\000\040\000S\000V\000:}{section.3.2}% 72
\BOOKMARK [2][-]{subsection.3.2.2}{\376\377\000V\000e\000c\000t\000o\000r\000V\000a\000l\000u\000e\000s\000\040\000V\000V\000:}{section.3.2}% 73
\BOOKMARK [2][-]{subsection.3.2.3}{\376\377\000C\000o\000l\000l\000e\000c\000t\000i\000o\000n\000s\000\040\000C\000:}{section.3.2}% 74
\BOOKMARK [1][-]{section.3.3}{\376\377\000C\000l\000a\000s\000s\000\040\000S\000e\000m\000a\000n\000t\000i\000c\000s\000\040\000\050\000K\000e\000r\000M\000L\000\040\0008\000.\0004\000.\0004\000.\0003\000\051}{chapter.3}% 75
\BOOKMARK [2][-]{subsection.3.3.1}{\376\377\000O\000c\000c\000u\000r\000r\000e\000n\000c\000e\000\040\000I\000n\000t\000e\000r\000v\000a\000l}{section.3.3}% 76
\BOOKMARK [2][-]{subsection.3.3.2}{\376\377\000R\000e\000p\000l\000a\000c\000i\000n\000g\000\040\000M\0000\000\040\000F\000e\000a\000t\000u\000r\000e\000s}{section.3.3}% 77
\BOOKMARK [2][-]{subsection.3.3.3}{\376\377\000C\000o\000m\000p\000o\000s\000i\000t\000e}{section.3.3}% 78
\BOOKMARK [2][-]{subsection.3.3.4}{\376\377\000P\000o\000r\000t\000i\000o\000n}{section.3.3}% 79
\BOOKMARK [2][-]{subsection.3.3.5}{\376\377\000A\000s\000s\000o\000c\000i\000a\000t\000i\000o\000n\000s}{section.3.3}% 80
\BOOKMARK [1][-]{section.3.4}{\376\377\000S\000t\000r\000u\000c\000t\000u\000r\000e\000s\000\040\000S\000e\000m\000a\000n\000t\000i\000c\000s\000\040\000\050\000K\000e\000r\000M\000L\000\040\0008\000.\0004\000.\0004\000.\0004\000\051}{chapter.3}% 81
\BOOKMARK [1][-]{section.3.5}{\376\377\000A\000s\000s\000o\000c\000i\000a\000t\000i\000o\000n\000s\000\040\000S\000e\000m\000a\000n\000t\000i\000c\000s\000\040\000\050\000K\000e\000r\000M\000L\000\040\0008\000.\0004\000.\0004\000.\0005\000.\0001\000\051}{chapter.3}% 82
\BOOKMARK [2][-]{subsection.3.5.1}{\376\377\000B\000i\000n\000a\000r\000y\000\040\000A\000s\000s\000o\000c\000i\000a\000t\000i\000o\000n\000s}{section.3.5}% 83
\BOOKMARK [2][-]{subsection.3.5.2}{\376\377\000C\000r\000o\000s\000s\000\040\000F\000e\000a\000t\000u\000r\000e\000s}{section.3.5}% 84
\BOOKMARK [2][-]{subsection.3.5.3}{\376\377\000O\000w\000n\000e\000d\000\040\000C\000r\000o\000s\000s\000\040\000F\000e\000a\000t\000u\000r\000e\000s}{section.3.5}% 85
\BOOKMARK [2][-]{subsection.3.5.4}{\376\377\000S\000e\000l\000f\000-\000L\000i\000n\000k}{section.3.5}% 86
\BOOKMARK [2][-]{subsection.3.5.5}{\376\377\000N\000-\000a\000r\000y\000\040\000A\000s\000s\000o\000c\000i\000a\000t\000i\000o\000n\000s}{section.3.5}% 87
\BOOKMARK [1][-]{section.3.6}{\376\377\000A\000s\000s\000o\000c\000i\000a\000t\000i\000o\000n\000\040\000S\000t\000r\000u\000c\000t\000u\000r\000e\000s\000\040\000\050\000K\000e\000r\000M\000L\000\040\0008\000.\0004\000.\0004\000.\0005\000.\0002\000\051}{chapter.3}% 88
\BOOKMARK [1][-]{section.3.7}{\376\377\000C\000o\000n\000n\000e\000c\000t\000o\000r\000s\000\040\000S\000e\000m\000a\000n\000t\000i\000c\000s\000\040\000\050\000K\000e\000r\000M\000L\000\040\0008\000.\0004\000.\0004\000.\0006\000\051}{chapter.3}% 89
\BOOKMARK [2][-]{subsection.3.7.1}{\376\377\000B\000i\000n\000a\000r\000y\000\040\000C\000o\000n\000n\000e\000c\000t\000o\000r\000s}{section.3.7}% 90
\BOOKMARK [2][-]{subsection.3.7.2}{\376\377\000C\000o\000n\000n\000e\000c\000t\000o\000r\000\040\000C\000r\000o\000s\000s\000\040\000F\000e\000a\000t\000u\000r\000e\000s}{section.3.7}% 91
\BOOKMARK [2][-]{subsection.3.7.3}{\376\377\000C\000o\000n\000n\000e\000c\000t\000o\000r\000\040\000S\000t\000r\000u\000c\000t\000u\000r\000e\000s}{section.3.7}% 92
\BOOKMARK [2][-]{subsection.3.7.4}{\376\377\000N\000-\000a\000r\000y\000\040\000C\000o\000n\000n\000e\000c\000t\000o\000r\000s}{section.3.7}% 93
\BOOKMARK [1][-]{section.3.8}{\376\377\000B\000i\000n\000d\000i\000n\000g\000\040\000C\000o\000n\000n\000e\000c\000t\000o\000r\000s\000\040\000\050\000K\000e\000r\000M\000L\000\040\0008\000.\0004\000.\0004\000.\0006\000.\0002\000\051}{chapter.3}% 94
\BOOKMARK [1][-]{section.3.9}{\376\377\000S\000u\000c\000c\000e\000s\000s\000i\000o\000n\000s\000\040\000\050\000K\000e\000r\000M\000L\000\040\0008\000.\0004\000.\0004\000.\0006\000.\0003\000\051}{chapter.3}% 95
\BOOKMARK [1][-]{section.3.10}{\376\377\000B\000e\000h\000a\000v\000i\000o\000r\000s\000\040\000\050\000K\000e\000r\000M\000L\000\040\0008\000.\0004\000.\0004\000.\0007\000.\0001\000\051}{chapter.3}% 96
\BOOKMARK [1][-]{section.3.11}{\376\377\000S\000t\000e\000p\000s\000\040\000\050\000K\000e\000r\000M\000L\000\040\0008\000.\0004\000.\0004\000.\0007\000.\0002\000\051}{chapter.3}% 97
\BOOKMARK [1][-]{section.3.12}{\376\377\000F\000u\000n\000c\000t\000i\000o\000n\000s\000\040\000S\000e\000m\000a\000n\000t\000i\000c\000s\000\040\000\050\000K\000e\000r\000M\000L\000\040\0008\000.\0004\000.\0004\000.\0008\000\051}{chapter.3}% 98
\BOOKMARK [1][-]{section.3.13}{\376\377\000E\000x\000p\000r\000e\000s\000s\000i\000o\000n\000s\000\040\000S\000e\000m\000a\000n\000t\000i\000c\000s\000\040\000\050\000K\000e\000r\000M\000L\000\040\0008\000.\0004\000.\0004\000.\0009\000\051}{chapter.3}% 99
\BOOKMARK [2][-]{subsection.3.13.1}{\376\377\000E\000x\000t\000e\000n\000d\000i\000n\000g\000\040\000E\000x\000p\000r\000e\000s\000s\000i\000o\000n\000\040\000f\000o\000r\000\040\000S\000F\000S}{section.3.13}% 100
\BOOKMARK [1][-]{section.3.14}{\376\377\000I\000n\000t\000e\000r\000a\000c\000t\000i\000o\000n\000s\000\040\000S\000e\000m\000a\000n\000t\000i\000c\000s\000\040\000\050\000K\000e\000r\000M\000L\000\040\0008\000.\0004\000.\0004\000.\0001\0000\000\051}{chapter.3}% 101
\BOOKMARK [1][-]{section.3.15}{\376\377\000F\000l\000o\000w\000s\000\040\000\050\000K\000e\000r\000M\000L\000\040\0008\000.\0004\000.\0004\000.\0001\0000\000.\0002\000\051}{chapter.3}% 102
\BOOKMARK [2][-]{subsection.3.15.1}{\376\377\000M\000e\000s\000s\000a\000g\000e\000\040\000T\000r\000a\000n\000s\000f\000e\000r}{section.3.15}% 103
\BOOKMARK [2][-]{subsection.3.15.2}{\376\377\000F\000l\000o\000w\000\040\000T\000r\000a\000n\000s\000f\000e\000r}{section.3.15}% 104
\BOOKMARK [1][-]{section.3.16}{\376\377\000F\000e\000a\000t\000u\000r\000e\000\040\000V\000a\000l\000u\000e\000s\000\040\000S\000e\000m\000a\000n\000t\000i\000c\000s\000\040\000\050\000K\000e\000r\000M\000L\000\040\0008\000.\0004\000.\0004\000.\0001\0001\000\051}{chapter.3}% 105
\BOOKMARK [1][-]{section.3.17}{\376\377\000M\000u\000l\000t\000i\000p\000l\000i\000c\000i\000t\000i\000e\000s\000\040\000S\000e\000m\000a\000n\000t\000i\000c\000s\000\040\000\050\000K\000e\000r\000M\000L\000\040\0008\000.\0004\000.\0004\000.\0001\0002\000\051}{chapter.3}% 106
\BOOKMARK [1][-]{section.3.18}{\376\377\000M\000e\000t\000a\000d\000a\000t\000a\000\040\000S\000e\000m\000a\000n\000t\000i\000c\000s\000\040\000\050\000K\000e\000r\000M\000L\000\040\0008\000.\0004\000.\0004\000.\0001\0003\000\051}{chapter.3}% 107
\BOOKMARK [1][-]{section.3.19}{\376\377\000P\000a\000c\000k\000a\000g\000e\000s\000\040\000S\000e\000m\000a\000n\000t\000i\000c\000s\000\040\000\050\000K\000e\000r\000M\000L\000\040\0008\000.\0004\000.\0004\000.\0001\0004\000\051}{chapter.3}% 108
\BOOKMARK [0][-]{chapter.4}{\376\377\000K\000e\000r\000M\000L\000\040\000T\000y\000p\000e\000\040\000I\000n\000f\000e\000r\000e\000n\000c\000i\000n\000g\000\040\000R\000u\000l\000e\000s}{part.1}% 109
\BOOKMARK [1][-]{section.4.1}{\376\377\000S\000p\000e\000c\000i\000a\000l\000i\000z\000a\000t\000i\000o\000n\000\040\000T\000r\000a\000n\000s\000i\000t\000i\000v\000i\000t\000y}{chapter.4}% 110
\BOOKMARK [1][-]{section.4.2}{\376\377\000S\000u\000b\000s\000u\000m\000p\000t\000i\000o\000n}{chapter.4}% 111
\BOOKMARK [1][-]{section.4.3}{\376\377\000A\000d\000d\000\040\000F\000e\000a\000t\000u\000r\000e}{chapter.4}% 112
\BOOKMARK [1][-]{section.4.4}{\376\377\000C\000o\000-\000v\000a\000r\000i\000a\000n\000t\000\040\000F\000e\000a\000t\000u\000r\000e\000\040\000R\000e\000d\000e\000f\000i\000n\000i\000t\000i\000o\000n}{chapter.4}% 113
\BOOKMARK [1][-]{section.4.5}{\376\377\000M\000u\000l\000t\000i\000p\000l\000e\000\040\000I\000n\000h\000e\000r\000i\000t\000a\000n\000c\000e}{chapter.4}% 114
\BOOKMARK [1][-]{section.4.6}{\376\377\000M\000u\000l\000t\000i\000p\000l\000e\000\040\000I\000n\000h\000e\000r\000i\000t\000a\000n\000c\000e\000\040\000w\000i\000t\000h\000\040\000F\000e\000a\000t\000u\000r\000e\000s}{chapter.4}% 115
\BOOKMARK [1][-]{section.4.7}{\376\377\000M\000u\000l\000t\000i\000p\000l\000e\000\040\000I\000n\000h\000e\000r\000i\000t\000a\000n\000c\000e\000\040\000w\000i\000t\000h\000\040\000F\000e\000a\000t\000u\000r\000e\000\040\000M\000u\000l\000t\000i\000p\000l\000i\000c\000i\000t\000y}{chapter.4}% 116
\BOOKMARK [1][-]{section.4.8}{\376\377\000C\000o\000n\000t\000r\000a\000v\000a\000r\000i\000a\000n\000t\000\040\000E\000x\000p\000r\000e\000s\000s\000i\000o\000n\000\040\000S\000p\000e\000c\000i\000a\000l\000i\000z\000a\000t\000i\000o\000n}{chapter.4}% 117
\BOOKMARK [0][-]{chapter.5}{\376\377\000K\000e\000r\000M\000L\000\040\000M\000o\000d\000e\000l\000\040\000E\000x\000e\000c\000u\000t\000i\000o\000n}{part.1}% 118
\BOOKMARK [1][-]{section.5.1}{\376\377\000O\000v\000e\000r\000v\000i\000e\000w}{chapter.5}% 119
\BOOKMARK [1][-]{section.5.2}{\376\377\000M\000o\000d\000e\000l\000i\000n\000g\000\040\000I\000n\000s\000t\000a\000n\000c\000e\000s}{chapter.5}% 120
\BOOKMARK [1][-]{section.5.3}{\376\377\000I\000n\000s\000t\000a\000n\000t\000i\000a\000t\000i\000o\000n\000\040\000P\000r\000o\000c\000e\000d\000u\000r\000e}{chapter.5}% 121
\BOOKMARK [2][-]{subsection.5.3.1}{\376\377\000O\000v\000e\000r\000v\000i\000e\000w}{section.5.3}% 122
\BOOKMARK [2][-]{subsection.5.3.2}{\376\377\000W\000i\000t\000h\000o\000u\000t\000\040\000f\000e\000a\000t\000u\000r\000e\000s\000\040\000o\000r\000\040\000t\000i\000m\000e}{section.5.3}% 123
\BOOKMARK [2][-]{subsection.5.3.3}{\376\377\000W\000i\000t\000h\000\040\000f\000e\000a\000t\000u\000r\000e\000s\000\040\000w\000i\000t\000h\000o\000u\000t\000\040\000t\000i\000m\000e}{section.5.3}% 124
\BOOKMARK [-1][-]{part.2}{\376\377\000I\000I\000\040\000S\000y\000s\000M\000L\000\040\000S\000e\000m\000a\000n\000t\000i\000c\000s}{}% 125
\BOOKMARK [0][-]{chapter.6}{\376\377\000S\000y\000s\000M\000L\000\040\000S\000e\000m\000a\000n\000t\000i\000c\000s\000\040\000O\000v\000e\000r\000v\000i\000e\000w}{part.2}% 126
\BOOKMARK [0][-]{chapter.7}{\376\377\000S\000y\000s\000M\000L\000\040\000S\000e\000m\000a\000n\000t\000i\000c\000s}{part.2}% 127
\BOOKMARK [-1][-]{part.3}{\376\377\000I\000I\000I\000\040\000M\000a\000t\000h}{}% 128
\BOOKMARK [0][-]{chapter.8}{\376\377\000I\000n\000f\000o\000r\000m\000a\000l\000\040\000M\000a\000t\000h\000e\000m\000a\000t\000i\000c\000s}{part.3}% 129
\BOOKMARK [1][-]{section.8.1}{\376\377\000S\000e\000t\000s}{chapter.8}% 130
\BOOKMARK [1][-]{section.8.2}{\376\377\000T\000u\000p\000l\000e\000s}{chapter.8}% 131
\BOOKMARK [1][-]{section.8.3}{\376\377\000R\000e\000l\000a\000t\000i\000o\000n\000s}{chapter.8}% 132
\BOOKMARK [1][-]{section.8.4}{\376\377\000F\000u\000n\000c\000t\000i\000o\000n\000s}{chapter.8}% 133
\BOOKMARK [1][-]{section.8.5}{\376\377\000S\000e\000q\000u\000e\000n\000c\000e\000s}{chapter.8}% 134
\BOOKMARK [1][-]{section.8.6}{\376\377\000S\000t\000r\000i\000n\000g\000s}{chapter.8}% 135
\BOOKMARK [1][-]{section.8.7}{\376\377\000P\000a\000r\000t\000i\000a\000l\000\040\000O\000r\000d\000e\000r\000s}{chapter.8}% 136
\BOOKMARK [1][-]{section.8.8}{\376\377\000G\000r\000a\000p\000h\000s}{chapter.8}% 137
\BOOKMARK [1][-]{section.8.9}{\376\377\000T\000i\000m\000e}{chapter.8}% 138
\BOOKMARK [1][-]{section.8.10}{\376\377\000V\000a\000l\000u\000e\000s}{chapter.8}% 139
\BOOKMARK [1][-]{section.8.11}{\376\377\000A\000r\000i\000t\000h\000m\000e\000t\000i\000c}{chapter.8}% 140
\BOOKMARK [1][-]{section.8.12}{\376\377\000L\000o\000g\000i\000c}{chapter.8}% 141
\BOOKMARK [0][-]{chapter.9}{\376\377\000F\000o\000r\000m\000a\000l\000\040\000M\000a\000t\000h\000e\000m\000a\000t\000i\000c\000s}{part.3}% 142
\BOOKMARK [1][-]{section.9.1}{\376\377\000M\000e\000t\000a\000m\000a\000t\000h}{chapter.9}% 143
\BOOKMARK [1][-]{section.9.2}{\376\377\000M\000e\000t\000a\000m\000a\000t\000h\000\040\000S\000y\000m\000b\000o\000l\000s}{chapter.9}% 144
\BOOKMARK [1][-]{section.9.3}{\376\377\000S\000e\000t\000s}{chapter.9}% 145
\BOOKMARK [1][-]{section.9.4}{\376\377\000T\000u\000p\000l\000e\000s}{chapter.9}% 146
\BOOKMARK [1][-]{section.9.5}{\376\377\000R\000e\000l\000a\000t\000i\000o\000n\000s}{chapter.9}% 147
\BOOKMARK [1][-]{section.9.6}{\376\377\000F\000u\000n\000c\000t\000i\000o\000n\000s}{chapter.9}% 148
\BOOKMARK [1][-]{section.9.7}{\376\377\000S\000e\000q\000u\000e\000n\000c\000e\000s}{chapter.9}% 149
\BOOKMARK [1][-]{section.9.8}{\376\377\000S\000t\000r\000i\000n\000g\000s}{chapter.9}% 150
\BOOKMARK [1][-]{section.9.9}{\376\377\000P\000a\000r\000t\000i\000a\000l\000\040\000O\000r\000d\000e\000r\000s}{chapter.9}% 151
\BOOKMARK [1][-]{section.9.10}{\376\377\000G\000r\000a\000p\000h\000s}{chapter.9}% 152
\BOOKMARK [1][-]{section.9.11}{\376\377\000L\000a\000t\000t\000i\000c\000e\000s}{chapter.9}% 153
\BOOKMARK [1][-]{section.9.12}{\376\377\000M\000e\000a\000n\000i\000n\000g\000\040\000b\000y\000\040\000M\000o\000d\000e\000l}{chapter.9}% 154
\BOOKMARK [1][-]{section.9.13}{\376\377\000T\000i\000m\000e}{chapter.9}% 155
\BOOKMARK [0][-]{chapter.10}{\376\377\000D\000o\000m\000a\000i\000n\000\040\000L\000o\000g\000i\000c}{part.3}% 156
\BOOKMARK [1][-]{section.10.1}{\376\377\000T\000e\000m\000p\000o\000r\000a\000l\000\040\000P\000r\000e\000c\000e\000d\000e\000n\000c\000e}{chapter.10}% 157
\BOOKMARK [1][-]{section.10.2}{\376\377\000H\000y\000b\000r\000i\000d\000\040\000L\000o\000g\000i\000c\000s}{chapter.10}% 158
\BOOKMARK [1][-]{section.10.3}{\376\377\000K\000e\000r\000M\000L\000\040\000L\000o\000g\000i\000c\000\040\0000\000:\000\040\000D\000o\000m\000a\000i\000n\0000}{chapter.10}% 159
\BOOKMARK [2][-]{subsection.10.3.1}{\376\377\000D\000o\000m\000a\000i\000n\0000\000\040\000W\000e\000l\000l\000-\000f\000o\000r\000m\000e\000d\000\040\000F\000o\000r\000m\000u\000l\000a\000s}{section.10.3}% 160
\BOOKMARK [2][-]{subsection.10.3.2}{\376\377\000D\000o\000m\000a\000i\000n\0000\000\040\000S\000e\000m\000a\000n\000t\000i\000c\000s}{section.10.3}% 161
\BOOKMARK [2][-]{subsection.10.3.3}{\376\377\000T\000i\000m\000e\000:\000\040\000T}{section.10.3}% 162
\BOOKMARK [1][-]{section.10.4}{\376\377\000K\000e\000r\000M\000L\000\040\000\040\000L\000o\000g\000i\000c\000:\000\040\000D\000o\000m\000a\000i\000n}{chapter.10}% 163
\BOOKMARK [1][-]{section.10.5}{\376\377\000T\000h\000e\000\040\000I\000n\000t\000e\000r\000p\000r\000e\000t\000a\000t\000i\000o\000n\000\040\000I\000t}{chapter.10}% 164
\BOOKMARK [1][-]{section.10.6}{\376\377\000M\000o\000d\000e\000l\000s\000:\000\040\000M\000\040}{chapter.10}% 165
\BOOKMARK [1][-]{section.10.7}{\376\377\000D\000i\000s\000c\000r\000e\000t\000e\000\040\000T\000i\000m\000e\000\040\000K\000e\000r\000M\000L\000\040\000\040\000L\000o\000g\000i\000c\000:\000\040\000D\000o\000m\000a\000i\000n\000d}{chapter.10}% 166
\BOOKMARK [0][-]{chapter.11}{\376\377\000M\000e\000t\000a\000m\000a\000t\000h\000\040\000P\000r\000o\000o\000f\000\040\000S\000y\000s\000t\000e\000m}{part.3}% 167
\BOOKMARK [1][-]{section.11.1}{\376\377\000M\000e\000t\000a\000m\000a\000t\000h\000\040\000P\000r\000e\000l\000i\000m\000i\000n\000a\000r\000i\000e\000s}{chapter.11}% 168
\BOOKMARK [1][-]{section.11.2}{\376\377\000M\000e\000t\000a\000m\000a\000t\000h\000\040\000S\000y\000m\000b\000o\000l\000s}{chapter.11}% 169
\BOOKMARK [1][-]{section.11.3}{\376\377\000A\000x\000i\000o\000m\000s}{chapter.11}% 170
\BOOKMARK [2][-]{subsection.11.3.1}{\376\377\000A\000x\000i\000o\000m\000s\000\040\000o\000f\000\040\000P\000r\000o\000p\000o\000s\000i\000t\000i\000o\000n\000a\000l\000\040\000L\000o\000g\000i\000c}{section.11.3}% 171
\BOOKMARK [2][-]{subsection.11.3.2}{\376\377\000A\000x\000i\000o\000m\000s\000\040\000o\000f\000\040\000P\000r\000e\000d\000i\000c\000a\000t\000e\000\040\000C\000a\000l\000c\000u\000l\000u\000s\000\040\000w\000i\000t\000h\000\040\000E\000q\000u\000a\000l\000i\000t\000y}{section.11.3}% 172
\BOOKMARK [2][-]{subsection.11.3.3}{\376\377\000A\000x\000i\000o\000m\000s\000\040\000o\000f\000\040\000Z\000e\000r\000m\000e\000l\000o\000-\000F\000r\000a\000n\000k\000e\000l\000\040\000w\000i\000t\000h\000\040\000C\000h\000o\000i\000c\000e\000\040\000\050\000Z\000F\000C\000\051\000\040\000s\000e\000t\000\040\000t\000h\000e\000o\000r\000y}{section.11.3}% 173
\BOOKMARK [2][-]{subsection.11.3.4}{\376\377\000C\000l\000a\000s\000s\000\040\000a\000n\000d\000\040\000W\000e\000l\000l\000-\000f\000o\000r\000m\000e\000d\000\040\000F\000o\000r\000m\000u\000l\000a\000\040\000D\000e\000f\000i\000n\000i\000t\000i\000o\000n\000s}{section.11.3}% 174
\BOOKMARK [2][-]{subsection.11.3.5}{\376\377\000S\000y\000m\000b\000o\000l\000\040\000D\000e\000f\000i\000n\000i\000t\000i\000o\000n\000s}{section.11.3}% 175
\BOOKMARK [0][-]{chapter.12}{\376\377\000D\000o\000m\000a\000i\000n\000\040\000\040\000T\000h\000e\000o\000r\000e\000m\000s}{part.3}% 176
\BOOKMARK [1][-]{section.12.1}{\376\377\000D\000e\000f\000i\000n\000e\000\040\000M\000e\000t\000a\000m\000a\000t\000h\000\040\000G\000r\000a\000m\000m\000a\000r\000\040\000f\000o\000r\000\040\000S\000y\000m\000b\000o\000l\000s\000\040\000D\000e\000f\000i\000n\000e\000d\000\040\000f\000o\000r\000\040\000D\000o\000m\000a\000i\000n}{chapter.12}% 177
\BOOKMARK [1][-]{section.12.2}{\376\377\000H\000e\000l\000p\000e\000r\000s}{chapter.12}% 178
\BOOKMARK [1][-]{section.12.3}{\376\377\000W\000e\000l\000l\000-\000F\000o\000r\000m\000e\000d\000\040\000F\000o\000r\000m\000u\000l\000a\000\040\000S\000u\000b\000s\000t\000i\000t\000u\000t\000i\000o\000n}{chapter.12}% 179
\BOOKMARK [1][-]{section.12.4}{\376\377\000W\000F\000F\000-\000l\000i\000s\000t\000\040\000L\000o\000g\000i\000c}{chapter.12}% 180
\BOOKMARK [2][-]{subsection.12.4.1}{\376\377\000W\000F\000F\000-\000l\000i\000s\000t\000\040\000C\000o\000n\000j\000u\000n\000c\000t\000i\000o\000n}{section.12.4}% 181
\BOOKMARK [2][-]{subsection.12.4.2}{\376\377\000W\000F\000F\000-\000l\000i\000s\000t\000\040\000D\000i\000s\000j\000u\000n\000c\000t\000i\000o\000n}{section.12.4}% 182
\BOOKMARK [2][-]{subsection.12.4.3}{\376\377\000W\000F\000F\000-\000l\000i\000s\000t\000\040\000C\000o\000m\000b\000i\000n\000e\000d\000\040\000C\000o\000n\000j\000u\000n\000c\000t\000i\000o\000n\000\040\000a\000n\000d\000\040\000D\000i\000s\000j\000u\000n\000c\000t\000i\000o\000n}{section.12.4}% 183
\BOOKMARK [1][-]{section.12.5}{\376\377\000C\000l\000a\000s\000s\000-\000l\000i\000s\000t\000\040\000E\000x\000p\000r\000e\000s\000s\000i\000o\000n\000s}{chapter.12}% 184
\BOOKMARK [2][-]{subsection.12.5.1}{\376\377\000C\000l\000a\000s\000s\000-\000l\000i\000s\000t\000\040\000D\000e\000f\000i\000n\000i\000t\000i\000o\000n\000s}{section.12.5}% 185
\BOOKMARK [2][-]{subsection.12.5.2}{\376\377\000C\000l\000a\000s\000s\000-\000l\000i\000s\000t\000\040\000A\000d\000d\000\040\000a\000n\000d\000\040\000M\000u\000l\000t\000i\000p\000l\000y}{section.12.5}% 186
\BOOKMARK [1][-]{section.12.6}{\376\377\000D\000o\000m\000a\000i\000n\000\040\000\040\000L\000o\000g\000i\000c}{chapter.12}% 187
\BOOKMARK [2][-]{subsection.12.6.1}{\376\377\000D\000o\000m\000a\000i\000n\000\040\000\040\000D\000e\000f\000i\000n\000i\000t\000i\000o\000n\000s}{section.12.6}% 188
\BOOKMARK [2][-]{subsection.12.6.2}{\376\377\000T\000i\000m\000e\000:\000\040\000T}{section.12.6}% 189
\BOOKMARK [2][-]{subsection.12.6.3}{\376\377\000D\000o\000m\000a\000i\000n\000\040\000\040\000I\000n\000t\000e\000r\000p\000r\000e\000t\000a\000t\000i\000o\000n}{section.12.6}% 190
\BOOKMARK [1][-]{section.12.7}{\376\377\000\040\000@\000\040\000o\000p\000e\000r\000a\000t\000o\000r}{chapter.12}% 191
\BOOKMARK [2][-]{subsection.12.7.1}{\376\377\000D\000e\000f\000i\000n\000e\000\040\000@}{section.12.7}% 192
\BOOKMARK [2][-]{subsection.12.7.2}{\376\377\000D\000i\000s\000t\000r\000i\000b\000u\000t\000e\000\040\000@}{section.12.7}% 193
\BOOKMARK [1][-]{section.12.8}{\376\377\000\040\000T\000i\000m\000e\000-\000S\000h\000i\000f\000t\000\040\000o\000p\000e\000r\000a\000t\000o\000r}{chapter.12}% 194
\BOOKMARK [2][-]{subsection.12.8.1}{\376\377\000D\000e\000f\000i\000n\000e\000\040\000T\000i\000m\000e\000-\000S\000h\000i\000f\000t}{section.12.8}% 195
\BOOKMARK [2][-]{subsection.12.8.2}{\376\377\000D\000i\000s\000t\000r\000i\000b\000u\000t\000e\000\040\000T\000i\000m\000e\000-\000S\000h\000i\000f\000t}{section.12.8}% 196
\BOOKMARK [0][-]{chapter.13}{\376\377\000M\000e\000t\000a\000m\000a\000t\000h\000\040\000T\000h\000e\000o\000r\000e\000m\000s\000\040\000f\000r\000o\000m\000\040\000s\000e\000t\000.\000m\000m}{part.3}% 197
\BOOKMARK [1][-]{section.13.1}{\376\377\000P\000r\000o\000p\000o\000s\000i\000t\000i\000o\000n\000a\000l\000\040\000L\000o\000g\000i\000c}{chapter.13}% 198
\BOOKMARK [1][-]{section.13.2}{\376\377\000P\000r\000e\000d\000i\000c\000a\000t\000e\000\040\000C\000a\000l\000c\000u\000l\000u\000s}{chapter.13}% 199
\BOOKMARK [1][-]{section.13.3}{\376\377\000A\000x\000i\000o\000m\000\040\000o\000f\000\040\000E\000x\000t\000e\000n\000s\000i\000o\000n\000a\000l\000i\000t\000y}{chapter.13}% 200
\BOOKMARK [1][-]{section.13.4}{\376\377\000A\000x\000i\000o\000m\000\040\000o\000f\000\040\000R\000e\000p\000l\000a\000c\000e\000m\000e\000n\000t}{chapter.13}% 201
\BOOKMARK [1][-]{section.13.5}{\376\377\000A\000x\000i\000o\000m\000\040\000o\000f\000\040\000P\000o\000w\000e\000r\000\040\000S\000e\000t\000s}{chapter.13}% 202
\BOOKMARK [1][-]{section.13.6}{\376\377\000A\000x\000i\000o\000m\000\040\000o\000f\000\040\000U\000n\000i\000o\000n}{chapter.13}% 203
\BOOKMARK [1][-]{section.13.7}{\376\377\000N\000u\000m\000b\000e\000r\000s}{chapter.13}% 204
\BOOKMARK [1][-]{section.13.8}{\376\377\000W\000o\000r\000d\000s\000\040\000o\000v\000e\000r\000\040\000a\000\040\000s\000e\000t}{chapter.13}% 205
\BOOKMARK [1][-]{section.13.9}{\376\377\000S\000u\000m\000s}{chapter.13}% 206
\BOOKMARK [1][-]{section.13.10}{\376\377\000E\000x\000t\000e\000n\000s\000i\000b\000l\000e\000\040\000S\000t\000r\000u\000c\000t\000u\000r\000e\000s}{chapter.13}% 207
\BOOKMARK [1][-]{section.13.11}{\376\377\000M\000a\000t\000h\000b\000o\000x}{chapter.13}% 208
\BOOKMARK [0][-]{AMS.1706}{\376\377\000B\000i\000b\000l\000i\000o\000g\000r\000a\000p\000h\000y}{part.3}% 209
\BOOKMARK [0][-]{AMS.1706}{\376\377\000I\000n\000d\000e\000x}{part.3}% 210
